---
source: src/tui/ui.rs
expression: terminal.backend()
---
"┌ braid ───────────────────────────────────────────────────┐"
"│                                                          │"
"│                                                          │"
"│                                                          │"
"│                                                          │"
"│                                                          │"
"│                           braid                          │"
"│                          tick: 0                         │"
"│                       daemon: pong                       │"
"│                                                          │"
"│                                                          │"
"│                                                          │"
"│                                                          │"
"│                                                          │"
"│            press q to quit | d debug | p ping            │"
"└──────────────────────────────────────────────────────────┘"
