---
source: src/tui/ui.rs
expression: terminal.backend()
---
"┌ braid ───────────────────────────────────────────────────┐"
"│Pool      /mnt/storage                                    │"
"│Status    not mounted                                     │"
"│Capacity  -                                               │"
"│                                                          │"
"│Scrub     -                                               │"
"│Errors    0 total                                         │"
"│                                                          │"
"│                                                          │"
"│                                                          │"
"│                                                          │"
"│                                                          │"
"│                                                          │"
"│                                                          │"
"│                                                          │"
"│                                                          │"
"│                                                          │"
"│                                                          │"
"│q quit | d debug | r refresh                              │"
"└──────────────────────────────────────────────────────────┘"
