---
source: src/tui/ui.rs
expression: terminal.backend()
---
"┌ braid ───────────────────────────────────────────────────┐"
"│error: connection refused                                 │"
"│                                                          │"
"│                                                          │"
"│                                                          │"
"│                                                          │"
"│                                                          │"
"│                                                          │"
"│                                                          │"
"│                                                          │"
"│                                                          │"
"│                                                          │"
"│                                                          │"
"│                                                          │"
"│                                                          │"
"│                                                          │"
"│                                                          │"
"│                                                          │"
"│q quit | d debug | r refresh                              │"
"└──────────────────────────────────────────────────────────┘"
