---
source: src/tui/ui.rs
expression: terminal.backend()
---
"┌ braid ───────────────────────────────────────────────────┐"
"│loading...                                                │"
"│                                                          │"
"│                                                          │"
"│                                                          │"
"│                                                          │"
"│                                                          │"
"│                                                          │"
"│                                                          │"
"│                                                          │"
"│                                                          │"
"│                                                          │"
"│                                                          │"
"│                                                          │"
"│                                                          │"
"│                                                          │"
"│                                                          │"
"│                                                          │"
"│q quit | d debug | r refresh                              │"
"└──────────────────────────────────────────────────────────┘"
