---
source: src/tui/ui.rs
expression: terminal.backend()
---
"┌ braid ───────────────────────────────────────────────────┐"
"│error: config: not found                                  │"
"│                                                          │"
"│                                                          │"
"│                                                          │"
"│                                                          │"
"│                                                          │"
"│                                                          │"
"│                                                          │"
"│                                                          │"
"│                                                          │"
"│                                                          │"
"│                                                          │"
"│                                                          │"
"│                                                          │"
"│                                                          │"
"│                                                          │"
"│                                                          │"
"│q quit | d debug | r refresh                              │"
"└──────────────────────────────────────────────────────────┘"
