---
source: src/tui/ui.rs
expression: terminal.backend()
---
"┌ braid ───────────────────────────────┐┌ debug ───────────────────────────────┐"
"│press r to refresh                    ││Model {                               │"
"│                                      ││    running: true,                    │"
"│                                      ││    tick_count: 0,                    │"
"│                                      ││    show_debug: true,                 │"
"│                                      ││    daemon_status: Idle,              │"
"│                                      ││    pending_command: None,            │"
"│                                      ││    next_request_id: 0,               │"
"│                                      ││    pending_request_id: None,         │"
"│                                      ││    status_report: None,              │"
"│                                      ││    status_error: None,               │"
"│                                      ││}                                     │"
"│                                      ││                                      │"
"│                                      ││                                      │"
"│                                      ││                                      │"
"│                                      ││                                      │"
"│                                      ││                                      │"
"│                                      ││                                      │"
"│q quit | d debug | r refresh          ││                                      │"
"└──────────────────────────────────────┘└──────────────────────────────────────┘"
