---
source: src/tui/view.rs
expression: buffer_to_string(&terminal)
---
┌ braid ───────────────────────────────────────────────────┐
│1 command(s) running                                      │
│                                                          │
│                                                          │
│                                                          │
│                                                          │
│                                                          │
│                                                          │
│                                                          │
│                                                          │
│                                                          │
│                                                          │
│                                                          │
│                                                          │
│                                                          │
│                                                          │
│                                                          │
│                                                          │
│press q to quit                                           │
└──────────────────────────────────────────────────────────┘
