---
source: src/tui/ui.rs
expression: terminal.backend()
---
"┌ braid ───────────────────────────────────────────────────┐"
"│                                                          │"
"│                                                          │"
"│                                                          │"
"│                                                          │"
"│                                                          │"
"│                           braid                          │"
"│                          tick: 0                         │"
"│                                                          │"
"│                                                          │"
"│                                                          │"
"│                                                          │"
"│                                                          │"
"│                                                          │"
"│                 press q to quit | d debug                │"
"└──────────────────────────────────────────────────────────┘"
