---
source: src/tui/ui.rs
expression: terminal.backend()
---
"┌ braid ─────────────────────┐┌ debug ─────────────────────┐"
"│                            ││Model {                     │"
"│                            ││    running: true,          │"
"│                            ││    tick_count: 0,          │"
"│                            ││    show_debug: true,       │"
"│                            ││    daemon_status: Idle,    │"
"│            braid           ││    pending_command: None,  │"
"│           tick: 0          ││    next_request_id: 0,     │"
"│          daemon: -         ││    pending_request_id: None│"
"│                            ││}                           │"
"│                            ││                            │"
"│                            ││                            │"
"│                            ││                            │"
"│                            ││                            │"
"│press q to quit | d debug | ││                            │"
"└────────────────────────────┘└────────────────────────────┘"
