---
source: src/tui/view.rs
assertion_line: 531
expression: buffer_to_string(&terminal)
---
Data  Encryption  Sharing
 Pool ──────────────────────────────────────────────────────
 error: command failed: findmnt exited 1
 Disks ─────────────────────────────────────────────────────
   #  Name     SMART    Use  Allocated
 ▶ 1  toshiba
   2  ironwolf
   3  wdc
press q to quit
