---
source: src/tui/view.rs
expression: buffer_to_string(&terminal)
---
┌ braid ───────────────────────────────────────────────────┐
│Pool                                                      │
│Path: /mnt/storage (healthy)                              │
│Usage: 39% (2.1 / 5.4 TiB)                                │
│                                                          │
│Disks                                                     │
│1  toshiba    25%  1.3 / 5.5 TiB                          │
│2  ironwolf   25%  1.3 / 5.5 TiB                          │
│3  wdc        21%  0.8 / 3.6 TiB                          │
│                                                          │
│                                                          │
│                                                          │
│                                                          │
│                                                          │
│                                                          │
│                                                          │
│                                                          │
│                                                          │
│press q to quit                                           │
└──────────────────────────────────────────────────────────┘
