---
source: src/tui/view.rs
expression: buffer_to_string(&terminal)
---
Data  Encryption  Sharing
 Pool ──────────────────────────────────────────────────────
 not mounted
 Disks ─────────────────────────────────────────────────────
   #  Name       Use  Allocated
 ▶ 1  toshiba
   2  ironwolf
   3  wdc
press q to quit
