---
source: src/tui/view.rs
assertion_line: 459
expression: buffer_to_string(&terminal)
---
Data  Encryption  Sharing
 Pool ──────────────────────────────────────────────────────
 loading...
 Disks ─────────────────────────────────────────────────────
   #  Name     SMART    Use  Allocated
 ▶ 1  toshiba
   2  ironwolf
   3  wdc
press q to quit
