---
source: cli/src/tui/browse/view.rs
expression: "buffer_to_string(&render(&model, 80, 14))"
---
┌ Pgm ─────┐┌ Cmd ─────────┐┌ View ────┐┌ Content ─────────────────────────────┐
│> Btrfs   ││  Filesystem  ││> Usage   ││/dev/mapper/braid-disk1, ID: 1        │
│  NUT     ││> Devices     ││  Stats   ││   Device size: 256.00MiB             │
│          ││  Subvolumes  ││          ││                                      │
│          ││  Scrub       ││          ││                                      │
│          ││  Balance     ││          ││                                      │
│          ││              ││          ││                                      │
│          ││              ││          ││                                      │
│          ││              ││          ││                                      │
│          ││              ││          ││                                      │
│          ││              ││          ││                                      │
│          ││              ││          ││                                      │
└──────────┘└──────────────┘└──────────┘└──────────────────────────────────────┘
$ btrfs device usage ''
