---
source: cli/src/tui/browse/view.rs
expression: "buffer_to_string(&render(&model, 80, 14))"
---
┌ Pgm ─────┐┌ Cmd ─────────┐┌ View ────────┐┌ Content ─────────────────────────┐
│> Btrfs   ││> Filesystem  ││  Usage       ││Commit stats since mount:         │
│  NUT     ││  Devices     ││  Show        ││  Total commits: 42               │
│          ││  Subvolumes  ││  Df          ││                                  │
│          ││  Scrub       ││> Commit Stats││                                  │
│          ││  Balance     ││              ││                                  │
│          ││  Quota       ││              ││                                  │
│          ││  Inspect     ││              ││                                  │
│          ││              ││              ││                                  │
│          ││              ││              ││                                  │
│          ││              ││              ││                                  │
│          ││              ││              ││                                  │
└──────────┘└──────────────┘└──────────────┘└──────────────────────────────────┘
$ btrfs filesystem commit-stats ''
