---
source: cli/src/tui/browse/view.rs
expression: "buffer_to_string(&render(&model, 80, 14))"
---
┌ Pgm ─────┐┌ Cmd ─────────┐┌ View ────┐┌ Content ─────────────────────────────┐
│> Btrfs   ││> Filesystem  ││> Usage   ││pool not mounted -- run `braid unlock`│
│  NUT     ││  Devices     ││  Show    ││                                      │
│          ││  Subvolumes  ││  Df      ││                                      │
│          ││  Scrub       ││          ││                                      │
│          ││  Balance     ││          ││                                      │
│          ││              ││          ││                                      │
│          ││              ││          ││                                      │
│          ││              ││          ││                                      │
│          ││              ││          ││                                      │
│          ││              ││          ││                                      │
│          ││              ││          ││                                      │
└──────────┘└──────────────┘└──────────┘└──────────────────────────────────────┘
$ btrfs filesystem usage ''
