---
source: cli/src/tui/browse/view.rs
expression: "buffer_to_string(&render(&model, 80, 14))"
---
┌ Pgm ─────┐┌ Cmd ─────────┐┌ View ────────┐┌ Content ─────────────────────────┐
│> Btrfs   ││  Filesystem  ││> Status      ││UUID: abc-123                     │
│  NUT     ││  Devices     ││  Limits      ││Scrub started: Tue Feb 24 02:00:00│
│          ││  Subvolumes  ││              ││                                  │
│          ││> Scrub       ││              ││                                  │
│          ││  Balance     ││              ││                                  │
│          ││  Quota       ││              ││                                  │
│          ││  Inspect     ││              ││                                  │
│          ││              ││              ││                                  │
│          ││              ││              ││                                  │
│          ││              ││              ││                                  │
│          ││              ││              ││                                  │
└──────────┘└──────────────┘└──────────────┘└──────────────────────────────────┘
$ btrfs scrub status ''
