---
source: cli/src/tui/browse/view.rs
expression: "buffer_to_string(&render(&model, 80, 14))"
---
┌ Pgm ─────┐┌ Cmd ─────────┐┌ View ────────┐┌ Content ─────────────────────────┐
│> Btrfs   ││  Filesystem  ││> Chunks      ││Devid PNumber Type/profile PStart │
│  NUT     ││  Devices     ││              ││1 1 Data/RAID1 1.00MiB 64.00MiB   │
│          ││  Subvolumes  ││              ││                                  │
│          ││  Scrub       ││              ││                                  │
│          ││  Balance     ││              ││                                  │
│          ││  Quota       ││              ││                                  │
│          ││> Inspect     ││              ││                                  │
│          ││              ││              ││                                  │
│          ││              ││              ││                                  │
│          ││              ││              ││                                  │
│          ││              ││              ││                                  │
└──────────┘└──────────────┘└──────────────┘└──────────────────────────────────┘
$ btrfs inspect-internal list-chunks '--sort=devid,pstart' ''
