---
source: cli/src/tui/browse/view.rs
expression: "buffer_to_string(&render(&model, 80, 14))"
---
┌ Pgm ─────┐┌ Cmd ─────────┐┌ Content ─────────────────────────────────────────┐
│> Btrfs   ││  Filesystem  ││No balance found on '/mnt/storage'                │
│  NUT     ││  Devices     ││                                                  │
│          ││  Subvolumes  ││                                                  │
│          ││  Scrub       ││                                                  │
│          ││> Balance     ││                                                  │
│          ││              ││                                                  │
│          ││              ││                                                  │
│          ││              ││                                                  │
│          ││              ││                                                  │
│          ││              ││                                                  │
│          ││              ││                                                  │
└──────────┘└──────────────┘└──────────────────────────────────────────────────┘
$ btrfs balance status ''
