---
source: cli/src/tui/browse/view.rs
expression: "buffer_to_string(&render(&model, 80, 14))"
---
┌ Pgm ─────┐┌ Cmd ─────────┐┌ Content ─────────────────────────────────────────┐
│  Btrfs   ││  Status      ││127.0.0.1                                         │
│> NUT     ││  Variables   ││                                                  │
│          ││  Commands    ││                                                  │
│          ││> Clients     ││                                                  │
│          ││  RW Vars     ││                                                  │
│          ││  UPSes       ││                                                  │
│          ││              ││                                                  │
│          ││              ││                                                  │
│          ││              ││                                                  │
│          ││              ││                                                  │
│          ││              ││                                                  │
└──────────┘└──────────────┘└──────────────────────────────────────────────────┘
$ upsc -c ups
