---
source: cli/src/tui/browse/view.rs
assertion_line: 622
expression: "buffer_to_string(&render(&model, 80, 14))"
---
┌ Pgm ─────┐┌ Cmd ─────────┐┌ View ────────┐┌ Content ─────────────────────────┐
│> Btrfs   ││  Filesystem  ││  Status      ││Device 1: scrub limit 0B (unlimite│
│  NUT     ││  Devices     ││> Limits      ││                                  │
│  Systemd ││  Subvolumes  ││              ││                                  │
│  SMART   ││> Scrub       ││              ││                                  │
│  lsblk   ││  Balance     ││              ││                                  │
│          ││  Quota       ││              ││                                  │
│          ││  Inspect     ││              ││                                  │
│          ││              ││              ││                                  │
│          ││              ││              ││                                  │
│          ││              ││              ││                                  │
│          ││              ││              ││                                  │
└──────────┘└──────────────┘└──────────────┘└──────────────────────────────────┘
$ btrfs scrub limit /mnt/storage
