---
source: cli/src/tui/browse/view.rs
assertion_line: 741
expression: "buffer_to_string(&render(&model, 80, 14))"
---
┌ Pgm ─────┐┌ Cmd ─────────┐┌ Content ─────────────────────────────────────────┐
│  Btrfs   ││  Status      ││Instant commands supported on UPS [ups]:          │
│> NUT     ││  Variables   ││beeper.disable                                    │
│  Systemd ││> Commands    ││                                                  │
│  SMART   ││  Clients     ││                                                  │
│  lsblk   ││  RW Vars     ││                                                  │
│          ││  UPSes       ││                                                  │
│          ││              ││                                                  │
│          ││              ││                                                  │
│          ││              ││                                                  │
│          ││              ││                                                  │
│          ││              ││                                                  │
└──────────┘└──────────────┘└──────────────────────────────────────────────────┘
$ upscmd -l ups
