---
source: cli/src/tui/browse/view.rs
expression: "buffer_to_string(&render(&model, 80, 14))"
---
┌ Pgm ─────┐┌ Cmd ─────────┐┌ Content ─────────────────────────────────────────┐
│  Btrfs   ││  Status      ││Error: Connection failure: Connection refused     │
│> NUT     ││  Variables   ││                                                  │
│          ││  Commands    ││                                                  │
│          ││  Clients     ││                                                  │
│          ││  RW Vars     ││                                                  │
│          ││> UPSes       ││                                                  │
│          ││              ││                                                  │
│          ││              ││                                                  │
│          ││              ││                                                  │
│          ││              ││                                                  │
│          ││              ││                                                  │
└──────────┘└──────────────┘└──────────────────────────────────────────────────┘
$ upsc -L localhost
