---
source: cli/src/tui/browse/view.rs
assertion_line: 457
expression: "buffer_to_string(&render(&model, 80, 14))"
---
┌ Pgm ─────┐┌ Cmd ─────────┐┌ View ────────┐┌ Content ─────────────────────────┐
│> Btrfs   ││> Filesystem  ││  Usage       ││Data, RAID1: total=2.00GiB, used=1│
│  NUT     ││  Devices     ││  Show        ││                                  │
│  Systemd ││  Subvolumes  ││> Df          ││                                  │
│  SMART   ││  Scrub       ││  Commit Stats││                                  │
│  lsblk   ││  Balance     ││              ││                                  │
│          ││  Quota       ││              ││                                  │
│          ││  Inspect     ││              ││                                  │
│          ││              ││              ││                                  │
│          ││              ││              ││                                  │
│          ││              ││              ││                                  │
│          ││              ││              ││                                  │
└──────────┘└──────────────┘└──────────────┘└──────────────────────────────────┘
$ btrfs filesystem df /mnt/storage
