---
source: cli/src/tui/view/mod.rs
assertion_line: 1824
expression: buffer_to_string(&terminal)
---
Data  ┌ Disk Detail ─────────────────────────────────┐
      │ Disk       toshiba                           │
 Pool │ Status     unlocked                          │──────
 Path │ underlying device gone                       │
 Profi│ Cipher     aes-xts-plain64                   │
 Usage│ Key size   512 bits                          │
      │ Keyslots   1 of 32 slots used                │
 Type │                                              │
 Data │ Allocations ──────────────────────────────── │
 Metad│ Type        Profile     Size                 │
 Syste│ Data        RAID1       1.3 TiB              │
      │ Metadata    DUP         1.5 GiB              │
 Disks│ System      DUP         16.0 MiB             │──────
     N│ Unallocated             4.1 TiB              │
 ▶ 1 t│                                              │iB
   2 i│ btrfs Device Errors ──────────────────────── │iB
   3 w│ read            0                            │iB
   4 s│ write           0                            │iB
      │ flush           0                            │
      │ corruption      0                            │
      │ generation      0                            │
      │                                              │
      │ SMART ────────────────────────────────────── │
      │ health           warning                     │
      │ reallocated      2                           │
      │ pending          0                           │
      │ uncorrectable    0                           │
      │                                              │
      │ r reload · q/Esc to go back                  │
Quit: └──────────────────────────────────────────────┘
