---
source: cli/src/tui/view/mod.rs
expression: buffer_to_string(&terminal)
---
Data  Scrub  Browse
 Pool ──────────────────────────────────────────────────────
 Path ┌ Disk Detail ─────────────────────────────────┐
 Usage│ Disk       toshiba                           │
      │ Status     unlocked                          │
 Type │ Cipher     aes-xts-plain64                   │
 Data │ Key size   512 bits                          │
 Metad│ Keyslots   1 of 32 slots used                │
 Syste│                                              │
      │ Allocations ──────────────────────────────── │
 Disks│ Type        Profile     Size                 │──────
     N│ Data        RAID1       1.3 TiB              │
 ▶ 1 t│ Metadata    DUP         1.5 GiB              │iB
   2 i│ System      DUP         16.0 MiB             │iB
   3 w│ Unallocated             4.1 TiB              │iB
      │                                              │
      │ btrfs Device Errors ──────────────────────── │
      │ read            0                            │
      │ write           0                            │
      │ flush           0                            │
      │ corruption      0                            │
      │ generation      0                            │
      │                                              │
      │ r reload · q/Esc to go back                  │
      └──────────────────────────────────────────────┘
Quit: q │ Help: ? │ Reset temp hi/lo: R │ Reload: r
