---
source: cli/src/tui/view/mod.rs
assertion_line: 2003
expression: buffer_to_string(&terminal)
---
Data  Scrub  Browse
 Pool ──────────────────────────────────────────────────────
 error: command failed: findmnt exited 1
 Disks ─────────────────────────────────────────────────────
     Name     Bus SMART Temp btrfs Allocated
 ▶ 1 toshiba  --
   2 ironwolf --
   3 wdc      --
   4 samsung  --
Quit: q │ Help: ? │ Reset temp hi/lo: R │ Reload: r
