---
source: cli/src/tui/view/mod.rs
expression: buffer_to_string(&terminal)
---
Data  Scrub  Browse
 Pool ──────────────────────────────────────────────────────
 not mounted
 Disks ─────────────────────────────────────────────────────
     Name     Bus SMART Temp btrfs Allocated
 ▶ 1 toshiba  --
   2 ironwolf --
   3 wdc      --
Quit: q │ Help: ? │ Reset temp hi/lo: R │ Reload: r
