---
source: cli/src/tui/view/mod.rs
expression: buffer_to_string(&terminal)
---
Data  Encryption  Sharing
 Pool ──────────────────────────────────────────────────────
 loading...
 Disks ─────────────────────────────────────────────────────
     Name     SMART Power Usage
 ▶ 1 toshiba        —
   2 ironwolf       —
   3 wdc            —
q quit │ r reload │ <tab> switch tabs │ hjkl move selection
