---
source: cli/src/tui/view/mod.rs
expression: buffer_to_string(&terminal)
---
Data  Scrub  Browse
 Scrub ─────────────────────────────────────────────────────
 Status       running (14.78%)
 Progress     82.1 GiB / 555.4 GiB
 Rate         234.8 MiB/s
 Time left    34m 24s
 ETA          Thu Apr 16 19:09:10 2026
 Errors       0
Quit: q │ Help: ? │ Reset temp hi/lo: R │ Reload: r
